// Jest Snapshot v1, https://goo.gl/fbAQLP

exports[`should render ExpenseList with expenses 1`] = `
<div>
  <ExpenseListItem
    amount={195}
    createdAt={0}
    description="Gum"
    id="1"
    key="1"
    note=""
  />
  <ExpenseListItem
    amount={195200}
    createdAt={-345600000}
    description="Rent"
    id="2"
    key="2"
    note=""
  />
  <ExpenseListItem
    amount={590}
    createdAt={345600000}
    description="Coffee"
    id="3"
    key="3"
    note=""
  />
</div>
`;

exports[`should render ExpenseList with no expenses 1`] = `
<div>
  <p>
    No Expenses
  </p>
</div>
`;
